// Jest Snapshot v1, https://goo.gl/fbAQLP

exports[`NewsItem 1`] = `
<a
  className="sc-bdvvtL sc-iIUQWv eRSpvD"
  href="https://automaton-media.com/articles/newsjp/20220304-194356/"
  target="_news"
>
  <article
    className="sc-eCImPb bwPaRL"
  >
    <div
      className="sc-cxpSdN cFCMKo"
    />
    <div
      className="sc-cxpSdN dhFRpC"
    >
      <h4
        className="sc-jcFjpl"
      >
        『FF14』第69回PLL新情報まとめ。日本データセンター再編により、光の戦士たちはこの夏“クラス替え” - AUTOMATON
      </h4>
      <p
        className="sc-eLwHnm GFANF"
      >
        スクウェア・エニックスは3月4日、『ファイナルファンタジーXIV』の新情報を配信する生放送「第69回プロデューサーレターLIVE」を配信した。その内容をまとめよう。
      </p>
      <div
        className="sc-cxpSdN jzrvpE"
      >
        Aki Nogishi
         : 
        Fri Mar 04 2022 22:32:13 GMT+0900 (日本標準時)
      </div>
    </div>
  </article>
</a>
`;
